#-----------------------------------------------------------
# Vivado v2024.1 (64-bit)
# SW Build 5076996 on Wed May 22 18:36:09 MDT 2024
# IP Build 5075265 on Wed May 22 21:45:21 MDT 2024
# SharedData Build 5076995 on Wed May 22 18:29:18 MDT 2024
# Start of session at: Wed Oct  2 00:03:06 2024
# Process ID: 2157571
# Current directory: /home/sg05060/VPU_Design/actions/sim_vivado
# Command line: vivado -mode tcl -source /home/sg05060/VPU_Design//sim_vivado/sim.tcl
# Log file: /home/sg05060/VPU_Design/actions/sim_vivado/vivado.log
# Journal file: /home/sg05060/VPU_Design/actions/sim_vivado/vivado.jou
# Running On        :SALfpga
# Platform          :Ubuntu
# Operating System  :Ubuntu 20.04.6 LTS
# Processor Detail  :AMD Ryzen 9 3900X 12-Core Processor
# CPU Frequency     :2200.000 MHz
# CPU Physical cores:12
# CPU Logical cores :24
# Host memory       :135006 MB
# Swap memory       :2147 MB
# Total Virtual     :137153 MB
# Available Virtual :129305 MB
#-----------------------------------------------------------
source /home/sg05060/VPU_Design//sim_vivado/sim.tcl
q
